[2025-11-29 12:55:09] info: 	z2m: Logging to console, file (filename: log.log)
[2025-11-29 12:55:09] info: 	z2m: Starting Zigbee2MQTT version 2.6.3 (commit #6e001b48ec278c6c141579c9eacc045f190fc289
)
[2025-11-29 12:55:09] info: 	z2m: Starting zigbee-herdsman (6.3.2)
[2025-11-29 12:55:10] info: 	zh:adapter:discovery: Matched adapter: {"path":"/dev/ttyUSB0","manufacturer":"Silicon Labs","serialNumber":"0001","pnpId":"usb-Silicon_Labs_ZiGate_0001-if00-port0","vendorId":"10c4","productId":"ea60"} => zigate: 3
[2025-11-29 12:55:10] info: 	zh:zigate: Connected to ZiGate adapter successfully.
[2025-11-29 12:55:10] error: 	zh:zigate:driver: sendCommand error Error: [object Object]
[2025-11-29 12:55:10] error: 	zh:zigate: Error: sendCommand error: Error: [object Object]
    at /app/node_modules/.pnpm/zigbee-herdsman@6.3.2/node_modules/zigbee-herdsman/src/adapter/zigate/driver/zigate.ts:160:45
    at Queue.execute (/app/node_modules/.pnpm/zigbee-herdsman@6.3.2/node_modules/zigbee-herdsman/src/utils/queue.ts:36:20)
    at ZiGate.sendCommand (/app/node_modules/.pnpm/zigbee-herdsman@6.3.2/node_modules/zigbee-herdsman/src/adapter/zigate/driver/zigate.ts:110:16)
    at ZiGateAdapter.initNetwork (/app/node_modules/.pnpm/zigbee-herdsman@6.3.2/node_modules/zigbee-herdsman/src/adapter/zigate/adapter/zigateAdapter.ts:509:13)
    at ZiGateAdapter.start (/app/node_modules/.pnpm/zigbee-herdsman@6.3.2/node_modules/zigbee-herdsman/src/adapter/zigate/adapter/zigateAdapter.ts:86:13)
    at Controller.start (/app/node_modules/.pnpm/zigbee-herdsman@6.3.2/node_modules/zigbee-herdsman/src/controller/controller.ts:133:29)
    at Zigbee.start (/app/lib/zigbee.ts:67:27)
    at Controller.start (/app/lib/controller.ts:101:13)
    at start (/app/index.js:149:5)
[2025-11-29 12:55:10] info: 	z2m: zigbee-herdsman started (resumed)
[2025-11-29 12:55:11] info: 	z2m: Coordinator firmware version: '{"meta":{"maintrel":"323","majorrel":"0","minorrel":"4","product":0,"revision":"323","transportrev":0},"type":"zigate"}'
[2025-11-29 12:55:11] info: 	z2m: Capteur multiple (0xa4c138349ed4bd3d): ZG-204ZV - HOBEIAN Millimeter wave motion detection (EndDevice)
[2025-11-29 12:55:11] info: 	z2m: Capteur lux (0x04cf8cdf3c82cecf): GZCGQ01LM - Xiaomi Mi light sensor (EndDevice)
[2025-11-29 12:55:11] info: 	z2m: Capteur présence (0xa4c138c14f5d1e93): ZG-204Z - HOBEIAN Motion sensor (EndDevice)
[2025-11-29 12:55:11] info: 	z2m: Température (0xa4c1380065446a28): TNCE_CLIMATE - TNCE Temperature and humidity sensor (EndDevice)
[2025-11-29 12:55:11] info: 	z2m: Interrupteur couloire (0xa4c1386146fa7caa): TS0041 - Tuya Wireless switch with 1 button (EndDevice)
[2025-11-29 12:55:11] info: 	z2m: Currently 5 devices are joined.
[2025-11-29 12:55:11] info: 	z2m: Connecting to MQTT server at mqtt://mosquitto
[2025-11-29 12:55:11] info: 	z2m: Connected to MQTT server
[2025-11-29 12:55:11] info: 	z2m:mqtt: MQTT publish: topic 'zigbee2mqtt/bridge/state', payload '{"state":"online"}'
[2025-11-29 12:55:11] info: 	z2m: Started frontend on port 8080
[2025-11-29 12:55:11] info: 	z2m:mqtt: MQTT publish: topic 'zigbee2mqtt/Capteur multiple', payload '{"battery":100,"fading_time":30,"humidity":78,"humidity_calibration":27,"illuminance":86,"illuminance_interval":1,"indicator":"OFF","linkquality":156,"motion_detection_sensitivity":11,"presence":false,"temperature":19.5,"temperature_calibration":0.8,"temperature_unit":"celsius"}'
[2025-11-29 12:55:11] info: 	z2m:mqtt: MQTT publish: topic 'zigbee2mqtt/Capteur lux', payload '{"battery":92,"illuminance":5,"linkquality":168,"power_outage_count":70,"voltage":2988}'
[2025-11-29 12:55:11] info: 	z2m:mqtt: MQTT publish: topic 'zigbee2mqtt/Capteur présence', payload '{"battery":100,"battery_low":false,"keep_time":30,"linkquality":168,"occupancy":false,"sensitivity":"medium","tamper":false,"voltage":2900}'
[2025-11-29 12:55:11] info: 	z2m:mqtt: MQTT publish: topic 'zigbee2mqtt/Température', payload '{"battery":100,"humidity":51.1,"linkquality":177,"temperature":18.9}'
[2025-11-29 12:55:11] info: 	z2m:mqtt: MQTT publish: topic 'zigbee2mqtt/Interrupteur couloire', payload '{"battery":67,"linkquality":171,"voltage":2800}'
[2025-11-29 12:55:11] info: 	z2m: Zigbee2MQTT started!
[2025-11-29 12:55:12] info: 	z2m:mqtt: MQTT publish: topic 'zigbee2mqtt/Capteur multiple', payload '{"battery":100,"fading_time":30,"humidity":78,"humidity_calibration":27,"illuminance":90,"illuminance_interval":1,"indicator":"OFF","linkquality":156,"motion_detection_sensitivity":11,"presence":false,"temperature":19.5,"temperature_calibration":0.8,"temperature_unit":"celsius"}'
[2025-11-29 12:55:23] info: 	z2m:mqtt: MQTT publish: topic 'zigbee2mqtt/bridge/state', payload '{"state":"offline"}'
[2025-11-29 12:55:23] info: 	z2m: Disconnecting from MQTT server
[2025-11-29 12:55:23] info: 	z2m: Stopping zigbee-herdsman...
[2025-11-29 12:55:23] error: 	zh:zigate: source endpoint 242, not supported
[2025-11-29 12:55:23] info: 	zh:zigate:driver: closing
[2025-11-29 12:55:23] info: 	z2m: Stopped zigbee-herdsman
[2025-11-29 12:55:23] info: 	z2m: Stopped Zigbee2MQTT
